Step:
-----
ResponseEnded

Request:
--------
URL: https://localhost:8080/launch-signup
Method: POST
Headers: [
  
]
Body: email=hello@pointfree.co

Response:
---------
Status 302 (found)
Headers: [
  Location: /?success=true
]
Bytes: 0