Step:
-----
ResponseEnded

Request:
--------
URL: http://pointfree.co/episodes
Method: GET
Headers: [
  
]
Body: (Data, 0 bytes)

Response:
---------
Status 301 (movedPermanently)
Headers: [
  Location: http://www.pointfree.co/episodes
]
Bytes: 0