Step:
-----
ResponseEnded

Request:
--------
URL: http://pointfreeco.herokuapp.com
Method: GET
Headers: [
  
]
Body: (Data, 0 bytes)

Response:
---------
Status 301 (movedPermanently)
Headers: [
  Location: http://www.pointfree.co
]
Bytes: 0